  ▲ Next.js 14.2.5
  - Environments: .env

   Creating an optimized production build ...
> [PWA] Compile server
> [PWA] Compile server
> [PWA] Compile client (static)
> [PWA] Auto register service worker with: B:\Dev\Claude Code\dms-v3-bmad-archon\node_modules\next-pwa\register.js
> [PWA] Service worker: B:\Dev\Claude Code\dms-v3-bmad-archon\public\sw.js
> [PWA]   url: /sw.js
> [PWA]   scope: /
> [PWA] Fallback to precache routes when fetch failed from cache or network:
> [PWA]   document (page): /offline.html
 ✓ Compiled successfully
   Linting and checking validity of types ...

./src/components/donor/CommitmentForm.tsx
131:6  Warning: React Hook React.useEffect has a missing dependency: 'form'. Either include it or remove the dependency array.  react-hooks/exhaustive-deps
138:6  Warning: React Hook React.useEffect has a missing dependency: 'form'. Either include it or remove the dependency array.  react-hooks/exhaustive-deps

info  - Need to disable some ESLint rules? Learn more here: https://nextjs.org/docs/basic-features/eslint#disabling-rules
Failed to compile.

./src/app/(auth)/donor/rapid-assessments/page.tsx:139:48
Type error: Property 'verificationStatus' does not exist on type 'never'.

[0m [90m 137 |[39m                   [33m<[39m[33mp[39m className[33m=[39m[32m"text-sm font-medium text-gray-600"[39m[33m>[39m[33mVerified[39m[33m<[39m[33m/[39m[33mp[39m[33m>[39m[0m
[0m [90m 138 |[39m                   [33m<[39m[33mp[39m className[33m=[39m[32m"text-2xl font-bold text-green-600"[39m[33m>[39m[0m
[0m[31m[1m>[22m[39m[90m 139 |[39m                     {assessments[33m.[39mfilter(a [33m=>[39m a[33m.[39mverificationStatus [33m===[39m [32m'VERIFIED'[39m)[33m.[39mlength}[0m
[0m [90m     |[39m                                                [31m[1m^[22m[39m[0m
[0m [90m 140 |[39m                   [33m<[39m[33m/[39m[33mp[39m[33m>[39m[0m
[0m [90m 141 |[39m                 [33m<[39m[33m/[39m[33mdiv[39m[33m>[39m[0m
[0m [90m 142 |[39m                 [33m<[39m[33mCheckCircle[39m className[33m=[39m[32m"h-6 w-6 text-green-600"[39m [33m/[39m[33m>[39m[0m
